#
# There is insufficient memory for the Java Runtime Environment to continue.
# Native memory allocation (malloc) failed to allocate 1649840 bytes. Error detail: Chunk::new
# Possible reasons:
#   The system is out of physical RAM or swap space
#   This process is running with CompressedOops enabled, and the Java Heap may be blocking the growth of the native heap
# Possible solutions:
#   Reduce memory load on the system
#   Increase physical memory or swap space
#   Check if swap backing store is full
#   Decrease Java heap size (-Xmx/-Xms)
#   Decrease number of Java threads
#   Decrease Java thread stack sizes (-Xss)
#   Set larger code cache with -XX:ReservedCodeCacheSize=
#   JVM is running with Unscaled Compressed Oops mode in which the Java heap is
#     placed in the first 4GB address space. The Java Heap base address is the
#     maximum limit for the native heap growth. Please use -XX:HeapBaseMinAddress
#     to set the Java Heap base and to place the Java Heap above 4GB virtual address.
# This output file may be truncated or incomplete.
#
#  Out of Memory Error (arena.cpp:168), pid=6964, tid=15584
#
# JRE version: OpenJDK Runtime Environment Corretto-21.0.8.9.1 (21.0.8+9) (build 21.0.8+9-LTS)
# Java VM: OpenJDK 64-Bit Server VM Corretto-21.0.8.9.1 (21.0.8+9-LTS, mixed mode, sharing, tiered, compressed oops, compressed class ptrs, g1 gc, windows-amd64)
# No core dump will be written. Minidumps are not enabled by default on client versions of Windows
#

---------------  S U M M A R Y ------------

Command Line: --enable-native-access=ALL-UNNAMED -Dclassworlds.conf=C:\Users\USER\.m2\wrapper\dists\apache-maven-3.9.12\59fe215c0ad6947fea90184bf7add084544567b927287592651fda3782e0e798\bin\m2.conf -Dmaven.home=C:\Users\USER\.m2\wrapper\dists\apache-maven-3.9.12\59fe215c0ad6947fea90184bf7add084544567b927287592651fda3782e0e798 -Dlibrary.jansi.path=C:\Users\USER\.m2\wrapper\dists\apache-maven-3.9.12\59fe215c0ad6947fea90184bf7add084544567b927287592651fda3782e0e798\lib\jansi-native -Dmaven.multiModuleProjectDirectory=C:\Users\USER\ExpenseTracker org.codehaus.plexus.classworlds.launcher.Launcher spring-boot:run

Host: AMD Athlon Gold 3150U with Radeon Graphics     , 4 cores, 3G,  Windows 11 , 64 bit Build 26100 (10.0.26100.8246)
Time: Wed Apr 22 19:40:13 2026 elapsed time: 35.945216 seconds (0d 0h 0m 35s)

---------------  T H R E A D  ---------------

Current thread (0x00000223df6ebb30):  JavaThread "C2 CompilerThread0" daemon [_thread_in_native, id=15584, stack(0x000000a3e5600000,0x000000a3e5700000) (1024K)]


Current CompileTask:
C2:35945 5929   !   4       java.nio.file.FileTreeWalker::next (144 bytes)

Stack: [0x000000a3e5600000,0x000000a3e5700000]
Native frames: (J=compiled Java code, j=interpreted, Vv=VM code, C=native code)
V  [jvm.dll+0x6deaf9]
V  [jvm.dll+0x8bccc3]
V  [jvm.dll+0x8bf07e]
V  [jvm.dll+0x8bf763]
V  [jvm.dll+0x287836]
V  [jvm.dll+0xc6e0d]
V  [jvm.dll+0xc7343]
V  [jvm.dll+0x3c308b]
V  [jvm.dll+0x38ec87]
V  [jvm.dll+0x38e0fa]
V  [jvm.dll+0x24fb12]
V  [jvm.dll+0x24f0e1]
V  [jvm.dll+0x1cd844]
V  [jvm.dll+0x25e7ca]
V  [jvm.dll+0x25cd7b]
V  [jvm.dll+0x3fd7a6]
V  [jvm.dll+0x865958]
V  [jvm.dll+0x6dd2bd]
C  [ucrtbase.dll+0x37b0]
C  [KERNEL32.DLL+0x2e8d7]
C  [ntdll.dll+0x8c3fc]


---------------  P R O C E S S  ---------------

Threads class SMR info:
_java_thread_list=0x00000223e4b78320, length=12, elements={
0x00000223c26c6340, 0x00000223df6d9160, 0x00000223df6dbd70, 0x00000223df6dd3f0,
0x00000223df6dde40, 0x00000223df6debf0, 0x00000223df6e7780, 0x00000223df6ebb30,
0x00000223df7097d0, 0x00000223df849be0, 0x00000223df84d820, 0x00000223e461fdf0
}

Java Threads: ( => current thread )
  0x00000223c26c6340 JavaThread "main"                              [_thread_in_native, id=9780, stack(0x000000a3e4800000,0x000000a3e4900000) (1024K)]
  0x00000223df6d9160 JavaThread "Reference Handler"          daemon [_thread_blocked, id=10876, stack(0x000000a3e5000000,0x000000a3e5100000) (1024K)]
  0x00000223df6dbd70 JavaThread "Finalizer"                  daemon [_thread_blocked, id=14464, stack(0x000000a3e5100000,0x000000a3e5200000) (1024K)]
  0x00000223df6dd3f0 JavaThread "Signal Dispatcher"          daemon [_thread_blocked, id=14364, stack(0x000000a3e5200000,0x000000a3e5300000) (1024K)]
  0x00000223df6dde40 JavaThread "Attach Listener"            daemon [_thread_blocked, id=3008, stack(0x000000a3e5300000,0x000000a3e5400000) (1024K)]
  0x00000223df6debf0 JavaThread "Service Thread"             daemon [_thread_blocked, id=11616, stack(0x000000a3e5400000,0x000000a3e5500000) (1024K)]
  0x00000223df6e7780 JavaThread "Monitor Deflation Thread"   daemon [_thread_blocked, id=15804, stack(0x000000a3e5500000,0x000000a3e5600000) (1024K)]
=>0x00000223df6ebb30 JavaThread "C2 CompilerThread0"         daemon [_thread_in_native, id=15584, stack(0x000000a3e5600000,0x000000a3e5700000) (1024K)]
  0x00000223df7097d0 JavaThread "C1 CompilerThread0"         daemon [_thread_blocked, id=17828, stack(0x000000a3e5700000,0x000000a3e5800000) (1024K)]
  0x00000223df849be0 JavaThread "Notification Thread"        daemon [_thread_blocked, id=6980, stack(0x000000a3e5800000,0x000000a3e5900000) (1024K)]
  0x00000223df84d820 JavaThread "Common-Cleaner"             daemon [_thread_blocked, id=4352, stack(0x000000a3e5900000,0x000000a3e5a00000) (1024K)]
  0x00000223e461fdf0 JavaThread "Thread-1"                   daemon [_thread_blocked, id=14560, stack(0x000000a3e5e00000,0x000000a3e5f00000) (1024K)]
Total: 12

Other Threads:
  0x00000223c2c39910 VMThread "VM Thread"                           [id=11224, stack(0x000000a3e4f00000,0x000000a3e5000000) (1024K)]
  0x00000223c2c2c5d0 WatcherThread "VM Periodic Task Thread"        [id=13252, stack(0x000000a3e4e00000,0x000000a3e4f00000) (1024K)]
  0x00000223c2baced0 WorkerThread "GC Thread#0"                     [id=10468, stack(0x000000a3e4900000,0x000000a3e4a00000) (1024K)]
  0x00000223e435cd00 WorkerThread "GC Thread#1"                     [id=14084, stack(0x000000a3e5b00000,0x000000a3e5c00000) (1024K)]
  0x00000223e45f1250 WorkerThread "GC Thread#2"                     [id=11716, stack(0x000000a3e5c00000,0x000000a3e5d00000) (1024K)]
  0x00000223e45f15f0 WorkerThread "GC Thread#3"                     [id=6140, stack(0x000000a3e5d00000,0x000000a3e5e00000) (1024K)]
  0x00000223c2bb4cf0 ConcurrentGCThread "G1 Main Marker"            [id=16880, stack(0x000000a3e4a00000,0x000000a3e4b00000) (1024K)]
  0x00000223c2bb57f0 WorkerThread "G1 Conc#0"                       [id=17652, stack(0x000000a3e4b00000,0x000000a3e4c00000) (1024K)]
  0x00000223c2c0d4c0 ConcurrentGCThread "G1 Refine#0"               [id=15468, stack(0x000000a3e4c00000,0x000000a3e4d00000) (1024K)]
  0x00000223c2c113b0 ConcurrentGCThread "G1 Service"                [id=17764, stack(0x000000a3e4d00000,0x000000a3e4e00000) (1024K)]
Total: 10

Threads with active compile tasks:
C2 CompilerThread0  36107 5929   !   4       java.nio.file.FileTreeWalker::next (144 bytes)
Total: 1

VM state: not at safepoint (normal execution)

VM Mutex/Monitor currently owned by a thread: None

Heap address: 0x00000000c8e00000, size: 882 MB, Compressed Oops mode: 32-bit

CDS archive(s) mapped at: [0x0000022380000000-0x0000022380c80000-0x0000022380c80000), size 13107200, SharedBaseAddress: 0x0000022380000000, ArchiveRelocationMode: 1.
Compressed class space mapped at: 0x0000022381000000-0x00000223c1000000, reserved size: 1073741824
Narrow klass base: 0x0000022380000000, Narrow klass shift: 0, Narrow klass range: 0x100000000

GC Precious Log:
 CardTable entry size: 512
 Card Set container configuration: InlinePtr #cards 5 size 8 Array Of Cards #cards 12 size 40 Howl #buckets 4 coarsen threshold 1843 Howl Bitmap #cards 512 size 80 coarsen threshold 460 Card regions per heap region 1 cards per card region 2048
 CPUs: 4 total, 4 available
 Memory: 3526M
 Large Page Support: Disabled
 NUMA Support: Disabled
 Compressed Oops: Enabled (32-bit)
 Heap Region Size: 1M
 Heap Min Capacity: 8M
 Heap Initial Capacity: 56M
 Heap Max Capacity: 882M
 Pre-touch: Disabled
 Parallel Workers: 4
 Concurrent Workers: 1
 Concurrent Refinement Workers: 4
 Periodic GC: Disabled

Heap:
 garbage-first heap   total 94208K, used 54183K [0x00000000c8e00000, 0x0000000100000000)
  region size 1024K, 22 young (22528K), 7 survivors (7168K)
 Metaspace       used 26675K, committed 26944K, reserved 1114112K
  class space    used 3045K, committed 3200K, reserved 1048576K

Heap Regions: E=young(eden), S=young(survivor), O=old, HS=humongous(starts), HC=humongous(continues), CS=collection set, F=free, TAMS=top-at-mark-start, PB=parsable bottom
|   0|0x00000000c8e00000, 0x00000000c8f00000, 0x00000000c8f00000|100%| O|  |TAMS 0x00000000c8e00000| PB 0x00000000c8e00000| Untracked 
|   1|0x00000000c8f00000, 0x00000000c9000000, 0x00000000c9000000|100%| O|  |TAMS 0x00000000c8f00000| PB 0x00000000c8f00000| Untracked 
|   2|0x00000000c9000000, 0x00000000c9100000, 0x00000000c9100000|100%| O|  |TAMS 0x00000000c9000000| PB 0x00000000c9000000| Untracked 
|   3|0x00000000c9100000, 0x00000000c9200000, 0x00000000c9200000|100%| O|  |TAMS 0x00000000c9100000| PB 0x00000000c9100000| Untracked 
|   4|0x00000000c9200000, 0x00000000c9200000, 0x00000000c9300000|  0%| F|  |TAMS 0x00000000c9200000| PB 0x00000000c9200000| Untracked 
|   5|0x00000000c9300000, 0x00000000c9400000, 0x00000000c9400000|100%| O|  |TAMS 0x00000000c9300000| PB 0x00000000c9300000| Untracked 
|   6|0x00000000c9400000, 0x00000000c9500000, 0x00000000c9500000|100%| O|  |TAMS 0x00000000c9400000| PB 0x00000000c9400000| Untracked 
|   7|0x00000000c9500000, 0x00000000c9600000, 0x00000000c9600000|100%| O|  |TAMS 0x00000000c9500000| PB 0x00000000c9500000| Untracked 
|   8|0x00000000c9600000, 0x00000000c9700000, 0x00000000c9700000|100%| O|  |TAMS 0x00000000c9600000| PB 0x00000000c9600000| Untracked 
|   9|0x00000000c9700000, 0x00000000c9800000, 0x00000000c9800000|100%| O|  |TAMS 0x00000000c9700000| PB 0x00000000c9700000| Untracked 
|  10|0x00000000c9800000, 0x00000000c9900000, 0x00000000c9900000|100%| O|  |TAMS 0x00000000c9800000| PB 0x00000000c9800000| Untracked 
|  11|0x00000000c9900000, 0x00000000c9a00000, 0x00000000c9a00000|100%| O|  |TAMS 0x00000000c9900000| PB 0x00000000c9900000| Untracked 
|  12|0x00000000c9a00000, 0x00000000c9b00000, 0x00000000c9b00000|100%| O|  |TAMS 0x00000000c9a00000| PB 0x00000000c9a00000| Untracked 
|  13|0x00000000c9b00000, 0x00000000c9c00000, 0x00000000c9c00000|100%| O|  |TAMS 0x00000000c9b00000| PB 0x00000000c9b00000| Untracked 
|  14|0x00000000c9c00000, 0x00000000c9d00000, 0x00000000c9d00000|100%| O|  |TAMS 0x00000000c9c00000| PB 0x00000000c9c00000| Untracked 
|  15|0x00000000c9d00000, 0x00000000c9e00000, 0x00000000c9e00000|100%| O|  |TAMS 0x00000000c9d00000| PB 0x00000000c9d00000| Untracked 
|  16|0x00000000c9e00000, 0x00000000c9f00000, 0x00000000c9f00000|100%| O|  |TAMS 0x00000000c9e00000| PB 0x00000000c9e00000| Untracked 
|  17|0x00000000c9f00000, 0x00000000ca000000, 0x00000000ca000000|100%| O|  |TAMS 0x00000000c9f00000| PB 0x00000000c9f00000| Untracked 
|  18|0x00000000ca000000, 0x00000000ca000000, 0x00000000ca100000|  0%| F|  |TAMS 0x00000000ca000000| PB 0x00000000ca000000| Untracked 
|  19|0x00000000ca100000, 0x00000000ca200000, 0x00000000ca200000|100%|HS|  |TAMS 0x00000000ca100000| PB 0x00000000ca100000| Complete 
|  20|0x00000000ca200000, 0x00000000ca300000, 0x00000000ca300000|100%|HC|  |TAMS 0x00000000ca200000| PB 0x00000000ca200000| Complete 
|  21|0x00000000ca300000, 0x00000000ca400000, 0x00000000ca400000|100%|HS|  |TAMS 0x00000000ca300000| PB 0x00000000ca300000| Complete 
|  22|0x00000000ca400000, 0x00000000ca500000, 0x00000000ca500000|100%|HC|  |TAMS 0x00000000ca400000| PB 0x00000000ca400000| Complete 
|  23|0x00000000ca500000, 0x00000000ca600000, 0x00000000ca600000|100%|HS|  |TAMS 0x00000000ca500000| PB 0x00000000ca500000| Complete 
|  24|0x00000000ca600000, 0x00000000ca700000, 0x00000000ca700000|100%|HS|  |TAMS 0x00000000ca600000| PB 0x00000000ca600000| Complete 
|  25|0x00000000ca700000, 0x00000000ca800000, 0x00000000ca800000|100%| O|  |TAMS 0x00000000ca700000| PB 0x00000000ca700000| Untracked 
|  26|0x00000000ca800000, 0x00000000ca900000, 0x00000000ca900000|100%| O|  |TAMS 0x00000000ca800000| PB 0x00000000ca800000| Untracked 
|  27|0x00000000ca900000, 0x00000000caa00000, 0x00000000caa00000|100%| S|CS|TAMS 0x00000000ca900000| PB 0x00000000ca900000| Complete 
|  28|0x00000000caa00000, 0x00000000cab00000, 0x00000000cab00000|100%| S|CS|TAMS 0x00000000caa00000| PB 0x00000000caa00000| Complete 
|  29|0x00000000cab00000, 0x00000000cac00000, 0x00000000cac00000|100%| S|CS|TAMS 0x00000000cab00000| PB 0x00000000cab00000| Complete 
|  30|0x00000000cac00000, 0x00000000cad00000, 0x00000000cad00000|100%| S|CS|TAMS 0x00000000cac00000| PB 0x00000000cac00000| Complete 
|  31|0x00000000cad00000, 0x00000000cae00000, 0x00000000cae00000|100%| S|CS|TAMS 0x00000000cad00000| PB 0x00000000cad00000| Complete 
|  32|0x00000000cae00000, 0x00000000caf00000, 0x00000000caf00000|100%| S|CS|TAMS 0x00000000cae00000| PB 0x00000000cae00000| Complete 
|  33|0x00000000caf00000, 0x00000000cb000000, 0x00000000cb000000|100%| S|CS|TAMS 0x00000000caf00000| PB 0x00000000caf00000| Complete 
|  34|0x00000000cb000000, 0x00000000cb000000, 0x00000000cb100000|  0%| F|  |TAMS 0x00000000cb000000| PB 0x00000000cb000000| Untracked 
|  35|0x00000000cb100000, 0x00000000cb100000, 0x00000000cb200000|  0%| F|  |TAMS 0x00000000cb100000| PB 0x00000000cb100000| Untracked 
|  36|0x00000000cb200000, 0x00000000cb200000, 0x00000000cb300000|  0%| F|  |TAMS 0x00000000cb200000| PB 0x00000000cb200000| Untracked 
|  37|0x00000000cb300000, 0x00000000cb300000, 0x00000000cb400000|  0%| F|  |TAMS 0x00000000cb300000| PB 0x00000000cb300000| Untracked 
|  38|0x00000000cb400000, 0x00000000cb400000, 0x00000000cb500000|  0%| F|  |TAMS 0x00000000cb400000| PB 0x00000000cb400000| Untracked 
|  39|0x00000000cb500000, 0x00000000cb500000, 0x00000000cb600000|  0%| F|  |TAMS 0x00000000cb500000| PB 0x00000000cb500000| Untracked 
|  40|0x00000000cb600000, 0x00000000cb600000, 0x00000000cb700000|  0%| F|  |TAMS 0x00000000cb600000| PB 0x00000000cb600000| Untracked 
|  41|0x00000000cb700000, 0x00000000cb700000, 0x00000000cb800000|  0%| F|  |TAMS 0x00000000cb700000| PB 0x00000000cb700000| Untracked 
|  42|0x00000000cb800000, 0x00000000cb800000, 0x00000000cb900000|  0%| F|  |TAMS 0x00000000cb800000| PB 0x00000000cb800000| Untracked 
|  43|0x00000000cb900000, 0x00000000cb900000, 0x00000000cba00000|  0%| F|  |TAMS 0x00000000cb900000| PB 0x00000000cb900000| Untracked 
|  44|0x00000000cba00000, 0x00000000cba00000, 0x00000000cbb00000|  0%| F|  |TAMS 0x00000000cba00000| PB 0x00000000cba00000| Untracked 
|  45|0x00000000cbb00000, 0x00000000cbb00000, 0x00000000cbc00000|  0%| F|  |TAMS 0x00000000cbb00000| PB 0x00000000cbb00000| Untracked 
|  46|0x00000000cbc00000, 0x00000000cbc00000, 0x00000000cbd00000|  0%| F|  |TAMS 0x00000000cbc00000| PB 0x00000000cbc00000| Untracked 
|  47|0x00000000cbd00000, 0x00000000cbd00000, 0x00000000cbe00000|  0%| F|  |TAMS 0x00000000cbd00000| PB 0x00000000cbd00000| Untracked 
|  48|0x00000000cbe00000, 0x00000000cbe00000, 0x00000000cbf00000|  0%| F|  |TAMS 0x00000000cbe00000| PB 0x00000000cbe00000| Untracked 
|  49|0x00000000cbf00000, 0x00000000cbf00000, 0x00000000cc000000|  0%| F|  |TAMS 0x00000000cbf00000| PB 0x00000000cbf00000| Untracked 
|  50|0x00000000cc000000, 0x00000000cc000000, 0x00000000cc100000|  0%| F|  |TAMS 0x00000000cc000000| PB 0x00000000cc000000| Untracked 
|  51|0x00000000cc100000, 0x00000000cc100000, 0x00000000cc200000|  0%| F|  |TAMS 0x00000000cc100000| PB 0x00000000cc100000| Untracked 
|  52|0x00000000cc200000, 0x00000000cc200000, 0x00000000cc300000|  0%| F|  |TAMS 0x00000000cc200000| PB 0x00000000cc200000| Untracked 
|  53|0x00000000cc300000, 0x00000000cc300000, 0x00000000cc400000|  0%| F|  |TAMS 0x00000000cc300000| PB 0x00000000cc300000| Untracked 
|  54|0x00000000cc400000, 0x00000000cc400000, 0x00000000cc500000|  0%| F|  |TAMS 0x00000000cc400000| PB 0x00000000cc400000| Untracked 
|  55|0x00000000cc500000, 0x00000000cc500000, 0x00000000cc600000|  0%| F|  |TAMS 0x00000000cc500000| PB 0x00000000cc500000| Untracked 
|  56|0x00000000cc600000, 0x00000000cc600000, 0x00000000cc700000|  0%| F|  |TAMS 0x00000000cc600000| PB 0x00000000cc600000| Untracked 
|  57|0x00000000cc700000, 0x00000000cc700000, 0x00000000cc800000|  0%| F|  |TAMS 0x00000000cc700000| PB 0x00000000cc700000| Untracked 
|  58|0x00000000cc800000, 0x00000000cc800000, 0x00000000cc900000|  0%| F|  |TAMS 0x00000000cc800000| PB 0x00000000cc800000| Untracked 
|  59|0x00000000cc900000, 0x00000000cc900000, 0x00000000cca00000|  0%| F|  |TAMS 0x00000000cc900000| PB 0x00000000cc900000| Untracked 
|  60|0x00000000cca00000, 0x00000000cca00000, 0x00000000ccb00000|  0%| F|  |TAMS 0x00000000cca00000| PB 0x00000000cca00000| Untracked 
|  61|0x00000000ccb00000, 0x00000000ccb00000, 0x00000000ccc00000|  0%| F|  |TAMS 0x00000000ccb00000| PB 0x00000000ccb00000| Untracked 
|  62|0x00000000ccc00000, 0x00000000ccc00000, 0x00000000ccd00000|  0%| F|  |TAMS 0x00000000ccc00000| PB 0x00000000ccc00000| Untracked 
|  63|0x00000000ccd00000, 0x00000000ccd00000, 0x00000000cce00000|  0%| F|  |TAMS 0x00000000ccd00000| PB 0x00000000ccd00000| Untracked 
|  64|0x00000000cce00000, 0x00000000cce00000, 0x00000000ccf00000|  0%| F|  |TAMS 0x00000000cce00000| PB 0x00000000cce00000| Untracked 
|  65|0x00000000ccf00000, 0x00000000ccf00000, 0x00000000cd000000|  0%| F|  |TAMS 0x00000000ccf00000| PB 0x00000000ccf00000| Untracked 
|  66|0x00000000cd000000, 0x00000000cd000000, 0x00000000cd100000|  0%| F|  |TAMS 0x00000000cd000000| PB 0x00000000cd000000| Untracked 
|  67|0x00000000cd100000, 0x00000000cd100000, 0x00000000cd200000|  0%| F|  |TAMS 0x00000000cd100000| PB 0x00000000cd100000| Untracked 
|  68|0x00000000cd200000, 0x00000000cd200000, 0x00000000cd300000|  0%| F|  |TAMS 0x00000000cd200000| PB 0x00000000cd200000| Untracked 
|  69|0x00000000cd300000, 0x00000000cd300000, 0x00000000cd400000|  0%| F|  |TAMS 0x00000000cd300000| PB 0x00000000cd300000| Untracked 
|  70|0x00000000cd400000, 0x00000000cd500000, 0x00000000cd500000|100%| E|  |TAMS 0x00000000cd400000| PB 0x00000000cd400000| Complete 
|  71|0x00000000cd500000, 0x00000000cd600000, 0x00000000cd600000|100%| E|CS|TAMS 0x00000000cd500000| PB 0x00000000cd500000| Complete 
|  72|0x00000000cd600000, 0x00000000cd700000, 0x00000000cd700000|100%| E|CS|TAMS 0x00000000cd600000| PB 0x00000000cd600000| Complete 
|  73|0x00000000cd700000, 0x00000000cd800000, 0x00000000cd800000|100%| E|CS|TAMS 0x00000000cd700000| PB 0x00000000cd700000| Complete 
|  74|0x00000000cd800000, 0x00000000cd900000, 0x00000000cd900000|100%| E|CS|TAMS 0x00000000cd800000| PB 0x00000000cd800000| Complete 
|  75|0x00000000cd900000, 0x00000000cda00000, 0x00000000cda00000|100%| E|CS|TAMS 0x00000000cd900000| PB 0x00000000cd900000| Complete 
|  76|0x00000000cda00000, 0x00000000cdb00000, 0x00000000cdb00000|100%| E|CS|TAMS 0x00000000cda00000| PB 0x00000000cda00000| Complete 
|  77|0x00000000cdb00000, 0x00000000cdc00000, 0x00000000cdc00000|100%| E|CS|TAMS 0x00000000cdb00000| PB 0x00000000cdb00000| Complete 
|  78|0x00000000cdc00000, 0x00000000cdd00000, 0x00000000cdd00000|100%| E|CS|TAMS 0x00000000cdc00000| PB 0x00000000cdc00000| Complete 
|  79|0x00000000cdd00000, 0x00000000cde00000, 0x00000000cde00000|100%| E|CS|TAMS 0x00000000cdd00000| PB 0x00000000cdd00000| Complete 
|  80|0x00000000cde00000, 0x00000000cdf00000, 0x00000000cdf00000|100%| E|CS|TAMS 0x00000000cde00000| PB 0x00000000cde00000| Complete 
|  81|0x00000000cdf00000, 0x00000000ce000000, 0x00000000ce000000|100%| E|CS|TAMS 0x00000000cdf00000| PB 0x00000000cdf00000| Complete 
|  82|0x00000000ce000000, 0x00000000ce100000, 0x00000000ce100000|100%| E|CS|TAMS 0x00000000ce000000| PB 0x00000000ce000000| Complete 
|  83|0x00000000ce100000, 0x00000000ce200000, 0x00000000ce200000|100%| E|CS|TAMS 0x00000000ce100000| PB 0x00000000ce100000| Complete 
|  84|0x00000000ce200000, 0x00000000ce300000, 0x00000000ce300000|100%| E|CS|TAMS 0x00000000ce200000| PB 0x00000000ce200000| Complete 
| 875|0x00000000ff900000, 0x00000000ff9e9d00, 0x00000000ffa00000| 91%| O|  |TAMS 0x00000000ff900000| PB 0x00000000ff900000| Untracked 
| 876|0x00000000ffa00000, 0x00000000ffb00000, 0x00000000ffb00000|100%| O|  |TAMS 0x00000000ffa00000| PB 0x00000000ffa00000| Untracked 
| 877|0x00000000ffb00000, 0x00000000ffc00000, 0x00000000ffc00000|100%| O|  |TAMS 0x00000000ffb00000| PB 0x00000000ffb00000| Untracked 
| 878|0x00000000ffc00000, 0x00000000ffd00000, 0x00000000ffd00000|100%| O|  |TAMS 0x00000000ffc00000| PB 0x00000000ffc00000| Untracked 
| 879|0x00000000ffd00000, 0x00000000ffe00000, 0x00000000ffe00000|100%| O|  |TAMS 0x00000000ffd00000| PB 0x00000000ffd00000| Untracked 
| 880|0x00000000ffe00000, 0x00000000fff00000, 0x00000000fff00000|100%| O|  |TAMS 0x00000000ffe00000| PB 0x00000000ffe00000| Untracked 
| 881|0x00000000fff00000, 0x0000000100000000, 0x0000000100000000|100%| O|  |TAMS 0x00000000fff00000| PB 0x00000000fff00000| Untracked 

Card table byte_map: [0x00000223dc1a0000,0x00000223dc360000] _byte_map_base: 0x00000223dbb59000

Marking Bits: (CMBitMap*) 0x00000223c2bad5d0
 Bits: [0x00000223dc360000, 0x00000223dd128000)

Polling page: 0x00000223c2c40000

Metaspace:

Usage:
  Non-class:     23.08 MB used.
      Class:      2.97 MB used.
       Both:     26.05 MB used.

Virtual space:
  Non-class space:       64.00 MB reserved,      23.19 MB ( 36%) committed,  1 nodes.
      Class space:        1.00 GB reserved,       3.12 MB ( <1%) committed,  1 nodes.
             Both:        1.06 GB reserved,      26.31 MB (  2%) committed. 

Chunk freelists:
   Non-Class:  8.06 MB
       Class:  12.83 MB
        Both:  20.89 MB

MaxMetaspaceSize: unlimited
CompressedClassSpaceSize: 1.00 GB
Initial GC threshold: 21.00 MB
Current GC threshold: 29.50 MB
CDS: on
 - commit_granule_bytes: 65536.
 - commit_granule_words: 8192.
 - virtual_space_node_default_size: 8388608.
 - enlarge_chunks_in_place: 1.
 - use_allocation_guard: 0.


Internal statistics:

num_allocs_failed_limit: 0.
num_arena_births: 206.
num_arena_deaths: 0.
num_vsnodes_births: 2.
num_vsnodes_deaths: 0.
num_space_committed: 421.
num_space_uncommitted: 0.
num_chunks_returned_to_freelist: 0.
num_chunks_taken_from_freelist: 1138.
num_chunk_merges: 0.
num_chunk_splits: 807.
num_chunks_enlarged: 658.
num_inconsistent_stats: 0.

CodeHeap 'non-profiled nmethods': size=120000Kb used=3083Kb max_used=3083Kb free=116916Kb
 bounds [0x00000223d4470000, 0x00000223d4780000, 0x00000223db9a0000]
CodeHeap 'profiled nmethods': size=120000Kb used=13655Kb max_used=13655Kb free=106344Kb
 bounds [0x00000223cc9a0000, 0x00000223cd700000, 0x00000223d3ed0000]
CodeHeap 'non-nmethods': size=5760Kb used=1446Kb max_used=1487Kb free=4313Kb
 bounds [0x00000223d3ed0000, 0x00000223d4140000, 0x00000223d4470000]
CodeCache: size=245760Kb, used=18184Kb, max_used=18225Kb, free=227573Kb
 total_blobs=6462, nmethods=5930, adapters=436, full_count=0
Compilation: enabled, stopped_count=0, restarted_count=0

Compilation events (20 events):
Event: 35.156 Thread 0x00000223df7097d0 5938 %     3       jdk.nio.zipfs.ZipFileSystem::initCEN @ 199 (473 bytes)
Event: 35.161 Thread 0x00000223df7097d0 nmethod 5938% 0x00000223cd6e7610 code [0x00000223cd6e7b40, 0x00000223cd6ea070]
Event: 35.178 Thread 0x00000223df7097d0 5940   !   3       jdk.nio.zipfs.ZipFileSystem::buildNodeTree (123 bytes)
Event: 35.180 Thread 0x00000223df7097d0 nmethod 5940 0x00000223cd6eb010 code [0x00000223cd6eb360, 0x00000223cd6eca90]
Event: 35.203 Thread 0x00000223df7097d0 5943       3       jdk.nio.zipfs.ZipFileSystem::initCEN (473 bytes)
Event: 35.210 Thread 0x00000223df7097d0 nmethod 5943 0x00000223cd6ed490 code [0x00000223cd6ed9a0, 0x00000223cd6efdb0]
Event: 35.241 Thread 0x00000223df7097d0 5944       2       java.util.ImmutableCollections$ListItr::hasNext (17 bytes)
Event: 35.242 Thread 0x00000223df7097d0 nmethod 5944 0x00000223cd6f0c90 code [0x00000223cd6f0e20, 0x00000223cd6f0f40]
Event: 35.315 Thread 0x00000223df7097d0 5948       2       sun.nio.fs.NativeBuffers::getNativeBuffer (21 bytes)
Event: 35.316 Thread 0x00000223df7097d0 nmethod 5948 0x00000223cd6f1010 code [0x00000223cd6f11e0, 0x00000223cd6f13f0]
Event: 35.349 Thread 0x00000223df7097d0 5950       1       java.nio.file.FileTreeWalker$DirectoryNode::stream (5 bytes)
Event: 35.349 Thread 0x00000223df7097d0 nmethod 5950 0x00000223d4772710 code [0x00000223d47728a0, 0x00000223d4772968]
Event: 35.386 Thread 0x00000223df7097d0 5951       2       jdk.nio.zipfs.ZipFileSystem::isTrue (38 bytes)
Event: 35.387 Thread 0x00000223df7097d0 nmethod 5951 0x00000223cd6f1510 code [0x00000223cd6f16e0, 0x00000223cd6f1938]
Event: 35.397 Thread 0x00000223df7097d0 5953       2       java.util.jar.Attributes::<init> (13 bytes)
Event: 35.398 Thread 0x00000223df7097d0 nmethod 5953 0x00000223cd6f1a90 code [0x00000223cd6f1c40, 0x00000223cd6f1db8]
Event: 35.480 Thread 0x00000223df7097d0 5954       2       jdk.nio.zipfs.ZipConstants::LOCEXT (7 bytes)
Event: 35.481 Thread 0x00000223df7097d0 nmethod 5954 0x00000223cd6f1e90 code [0x00000223cd6f2020, 0x00000223cd6f2160]
Event: 35.521 Thread 0x00000223df7097d0 5955       2       jdk.nio.zipfs.ZipFileSystem$Entry::readExtra (648 bytes)
Event: 35.933 Thread 0x00000223df7097d0 nmethod 5955 0x00000223cd6f2290 code [0x00000223cd6f2660, 0x00000223cd6f3e50]

GC Heap History (20 events):
Event: 6.867 GC heap before
{Heap before GC invocations=1 (full 0):
 garbage-first heap   total 57344K, used 18720K [0x00000000c8e00000, 0x0000000100000000)
  region size 1024K, 17 young (17408K), 2 survivors (2048K)
 Metaspace       used 5983K, committed 6208K, reserved 1114112K
  class space    used 705K, committed 832K, reserved 1048576K
}
Event: 6.878 GC heap after
{Heap after GC invocations=2 (full 0):
 garbage-first heap   total 57344K, used 4232K [0x00000000c8e00000, 0x0000000100000000)
  region size 1024K, 1 young (1024K), 1 survivors (1024K)
 Metaspace       used 5983K, committed 6208K, reserved 1114112K
  class space    used 705K, committed 832K, reserved 1048576K
}
Event: 12.508 GC heap before
{Heap before GC invocations=2 (full 0):
 garbage-first heap   total 57344K, used 35976K [0x00000000c8e00000, 0x0000000100000000)
  region size 1024K, 33 young (33792K), 1 survivors (1024K)
 Metaspace       used 11036K, committed 11200K, reserved 1114112K
  class space    used 1337K, committed 1408K, reserved 1048576K
}
Event: 12.548 GC heap after
{Heap after GC invocations=3 (full 0):
 garbage-first heap   total 57344K, used 6295K [0x00000000c8e00000, 0x0000000100000000)
  region size 1024K, 3 young (3072K), 3 survivors (3072K)
 Metaspace       used 11036K, committed 11200K, reserved 1114112K
  class space    used 1337K, committed 1408K, reserved 1048576K
}
Event: 18.145 GC heap before
{Heap before GC invocations=3 (full 0):
 garbage-first heap   total 57344K, used 37015K [0x00000000c8e00000, 0x0000000100000000)
  region size 1024K, 33 young (33792K), 3 survivors (3072K)
 Metaspace       used 15096K, committed 15360K, reserved 1114112K
  class space    used 1809K, committed 1920K, reserved 1048576K
}
Event: 18.183 GC heap after
{Heap after GC invocations=4 (full 0):
 garbage-first heap   total 57344K, used 10192K [0x00000000c8e00000, 0x0000000100000000)
  region size 1024K, 5 young (5120K), 5 survivors (5120K)
 Metaspace       used 15096K, committed 15360K, reserved 1114112K
  class space    used 1809K, committed 1920K, reserved 1048576K
}
Event: 21.014 GC heap before
{Heap before GC invocations=4 (full 0):
 garbage-first heap   total 57344K, used 38864K [0x00000000c8e00000, 0x0000000100000000)
  region size 1024K, 33 young (33792K), 5 survivors (5120K)
 Metaspace       used 16008K, committed 16192K, reserved 1114112K
  class space    used 1892K, committed 1984K, reserved 1048576K
}
Event: 21.044 GC heap after
{Heap after GC invocations=5 (full 0):
 garbage-first heap   total 57344K, used 14259K [0x00000000c8e00000, 0x0000000100000000)
  region size 1024K, 4 young (4096K), 4 survivors (4096K)
 Metaspace       used 16008K, committed 16192K, reserved 1114112K
  class space    used 1892K, committed 1984K, reserved 1048576K
}
Event: 22.547 GC heap before
{Heap before GC invocations=5 (full 0):
 garbage-first heap   total 57344K, used 43955K [0x00000000c8e00000, 0x0000000100000000)
  region size 1024K, 33 young (33792K), 4 survivors (4096K)
 Metaspace       used 16290K, committed 16512K, reserved 1114112K
  class space    used 1896K, committed 1984K, reserved 1048576K
}
Event: 22.564 GC heap after
{Heap after GC invocations=6 (full 0):
 garbage-first heap   total 57344K, used 15764K [0x00000000c8e00000, 0x0000000100000000)
  region size 1024K, 2 young (2048K), 2 survivors (2048K)
 Metaspace       used 16290K, committed 16512K, reserved 1114112K
  class space    used 1896K, committed 1984K, reserved 1048576K
}
Event: 25.946 GC heap before
{Heap before GC invocations=6 (full 0):
 garbage-first heap   total 57344K, used 46484K [0x00000000c8e00000, 0x0000000100000000)
  region size 1024K, 32 young (32768K), 2 survivors (2048K)
 Metaspace       used 16789K, committed 16960K, reserved 1114112K
  class space    used 1912K, committed 1984K, reserved 1048576K
}
Event: 25.957 GC heap after
{Heap after GC invocations=7 (full 0):
 garbage-first heap   total 57344K, used 16998K [0x00000000c8e00000, 0x0000000100000000)
  region size 1024K, 4 young (4096K), 4 survivors (4096K)
 Metaspace       used 16789K, committed 16960K, reserved 1114112K
  class space    used 1912K, committed 1984K, reserved 1048576K
}
Event: 26.822 GC heap before
{Heap before GC invocations=7 (full 0):
 garbage-first heap   total 57344K, used 37478K [0x00000000c8e00000, 0x0000000100000000)
  region size 1024K, 17 young (17408K), 4 survivors (4096K)
 Metaspace       used 17800K, committed 18048K, reserved 1114112K
  class space    used 2035K, committed 2176K, reserved 1048576K
}
Event: 26.839 GC heap after
{Heap after GC invocations=8 (full 0):
 garbage-first heap   total 57344K, used 26371K [0x00000000c8e00000, 0x0000000100000000)
  region size 1024K, 3 young (3072K), 3 survivors (3072K)
 Metaspace       used 17800K, committed 18048K, reserved 1114112K
  class space    used 2035K, committed 2176K, reserved 1048576K
}
Event: 26.843 GC heap before
{Heap before GC invocations=8 (full 0):
 garbage-first heap   total 57344K, used 38659K [0x00000000c8e00000, 0x0000000100000000)
  region size 1024K, 4 young (4096K), 3 survivors (3072K)
 Metaspace       used 17800K, committed 18048K, reserved 1114112K
  class space    used 2035K, committed 2176K, reserved 1048576K
}
Event: 26.853 GC heap after
{Heap after GC invocations=9 (full 0):
 garbage-first heap   total 57344K, used 39085K [0x00000000c8e00000, 0x0000000100000000)
  region size 1024K, 2 young (2048K), 2 survivors (2048K)
 Metaspace       used 17800K, committed 18048K, reserved 1114112K
  class space    used 2035K, committed 2176K, reserved 1048576K
}
Event: 28.132 GC heap before
{Heap before GC invocations=10 (full 0):
 garbage-first heap   total 87040K, used 61613K [0x00000000c8e00000, 0x0000000100000000)
  region size 1024K, 12 young (12288K), 2 survivors (2048K)
 Metaspace       used 18153K, committed 18496K, reserved 1114112K
  class space    used 2062K, committed 2240K, reserved 1048576K
}
Event: 28.139 GC heap after
{Heap after GC invocations=11 (full 0):
 garbage-first heap   total 87040K, used 19031K [0x00000000c8e00000, 0x0000000100000000)
  region size 1024K, 1 young (1024K), 1 survivors (1024K)
 Metaspace       used 18153K, committed 18496K, reserved 1114112K
  class space    used 2062K, committed 2240K, reserved 1048576K
}
Event: 34.938 GC heap before
{Heap before GC invocations=11 (full 0):
 garbage-first heap   total 87040K, used 76375K [0x00000000c8e00000, 0x0000000100000000)
  region size 1024K, 51 young (52224K), 1 survivors (1024K)
 Metaspace       used 26663K, committed 26944K, reserved 1114112K
  class space    used 3045K, committed 3200K, reserved 1048576K
}
Event: 34.979 GC heap after
{Heap after GC invocations=12 (full 0):
 garbage-first heap   total 94208K, used 39847K [0x00000000c8e00000, 0x0000000100000000)
  region size 1024K, 7 young (7168K), 7 survivors (7168K)
 Metaspace       used 26663K, committed 26944K, reserved 1114112K
  class space    used 3045K, committed 3200K, reserved 1048576K
}

Dll operation events (8 events):
Event: 0.042 Loaded shared library C:\Program Files\Amazon Corretto\jdk21.0.8_9\bin\java.dll
Event: 0.262 Loaded shared library C:\Program Files\Amazon Corretto\jdk21.0.8_9\bin\jsvml.dll
Event: 0.438 Loaded shared library C:\Program Files\Amazon Corretto\jdk21.0.8_9\bin\net.dll
Event: 0.470 Loaded shared library C:\Program Files\Amazon Corretto\jdk21.0.8_9\bin\nio.dll
Event: 0.509 Loaded shared library C:\Program Files\Amazon Corretto\jdk21.0.8_9\bin\zip.dll
Event: 2.427 Loaded shared library C:\Users\USER\.m2\wrapper\dists\apache-maven-3.9.12\59fe215c0ad6947fea90184bf7add084544567b927287592651fda3782e0e798\lib\jansi-native\Windows\x86_64\jansi.dll
Event: 2.626 Loaded shared library C:\Program Files\Amazon Corretto\jdk21.0.8_9\bin\jimage.dll
Event: 2.684 Loaded shared library C:\Program Files\Amazon Corretto\jdk21.0.8_9\bin\verify.dll

Deoptimization events (20 events):
Event: 34.897 Thread 0x00000223c26c6340 DEOPT PACKING pc=0x00000223cd6dff5a sp=0x000000a3e48fc570
Event: 34.897 Thread 0x00000223c26c6340 DEOPT UNPACKING pc=0x00000223d3f24e42 sp=0x000000a3e48fba00 mode 0
Event: 34.897 Thread 0x00000223c26c6340 DEOPT PACKING pc=0x00000223cd6dff5a sp=0x000000a3e48fc570
Event: 34.897 Thread 0x00000223c26c6340 DEOPT UNPACKING pc=0x00000223d3f24e42 sp=0x000000a3e48fba00 mode 0
Event: 34.897 Thread 0x00000223c26c6340 DEOPT PACKING pc=0x00000223cd6dff5a sp=0x000000a3e48fc570
Event: 34.897 Thread 0x00000223c26c6340 DEOPT UNPACKING pc=0x00000223d3f24e42 sp=0x000000a3e48fba00 mode 0
Event: 34.897 Thread 0x00000223c26c6340 DEOPT PACKING pc=0x00000223cd6dff5a sp=0x000000a3e48fc570
Event: 34.897 Thread 0x00000223c26c6340 DEOPT UNPACKING pc=0x00000223d3f24e42 sp=0x000000a3e48fba00 mode 0
Event: 34.898 Thread 0x00000223c26c6340 DEOPT PACKING pc=0x00000223cd6dff5a sp=0x000000a3e48fc570
Event: 34.898 Thread 0x00000223c26c6340 DEOPT UNPACKING pc=0x00000223d3f24e42 sp=0x000000a3e48fba00 mode 0
Event: 34.898 Thread 0x00000223c26c6340 DEOPT PACKING pc=0x00000223cd6dff5a sp=0x000000a3e48fc570
Event: 34.898 Thread 0x00000223c26c6340 DEOPT UNPACKING pc=0x00000223d3f24e42 sp=0x000000a3e48fba00 mode 0
Event: 35.010 Thread 0x00000223c26c6340 Uncommon trap: trap_request=0xffffff45 fr.pc=0x00000223d4769c10 relative=0x0000000000000070
Event: 35.010 Thread 0x00000223c26c6340 Uncommon trap: reason=unstable_if action=reinterpret pc=0x00000223d4769c10 method=java.time.LocalDate.compareTo0(Ljava/time/LocalDate;)I @ 25 c2
Event: 35.010 Thread 0x00000223c26c6340 DEOPT PACKING pc=0x00000223d4769c10 sp=0x000000a3e48fc400
Event: 35.010 Thread 0x00000223c26c6340 DEOPT UNPACKING pc=0x00000223d3f246a2 sp=0x000000a3e48fc388 mode 2
Event: 35.077 Thread 0x00000223c26c6340 DEOPT PACKING pc=0x00000223cd44632d sp=0x000000a3e48fc5f0
Event: 35.077 Thread 0x00000223c26c6340 DEOPT UNPACKING pc=0x00000223d3f24e42 sp=0x000000a3e48fbbd8 mode 0
Event: 35.462 Thread 0x00000223c26c6340 DEOPT PACKING pc=0x00000223cd44632d sp=0x000000a3e48fc5f0
Event: 35.462 Thread 0x00000223c26c6340 DEOPT UNPACKING pc=0x00000223d3f24e42 sp=0x000000a3e48fbbd8 mode 0

Classes loaded (20 events):
Event: 34.028 Loading class java/util/stream/AbstractSpinedBuffer
Event: 34.029 Loading class java/util/stream/AbstractSpinedBuffer done
Event: 34.029 Loading class java/util/stream/SpinedBuffer done
Event: 34.029 Loading class java/util/stream/Nodes$SpinedNodeBuilder done
Event: 34.375 Loading class java/util/regex/Pattern$Bound
Event: 34.375 Loading class java/util/regex/Pattern$Bound done
Event: 34.522 Loading class java/util/RegularEnumSet$EnumSetIterator
Event: 34.523 Loading class java/util/RegularEnumSet$EnumSetIterator done
Event: 34.525 Loading class java/nio/file/FileVisitor
Event: 34.526 Loading class java/nio/file/FileVisitor done
Event: 34.528 Loading class sun/nio/fs/WindowsFileStore
Event: 34.529 Loading class sun/nio/fs/WindowsFileStore done
Event: 34.534 Loading class java/nio/file/SimpleFileVisitor
Event: 34.534 Loading class java/nio/file/SimpleFileVisitor done
Event: 34.534 Loading class java/nio/file/Files$3
Event: 34.535 Loading class java/nio/file/Files$3 done
Event: 34.535 Loading class java/nio/file/FileVisitResult
Event: 34.536 Loading class java/nio/file/FileVisitResult done
Event: 34.536 Loading class sun/nio/fs/BasicFileAttributesHolder
Event: 34.536 Loading class sun/nio/fs/BasicFileAttributesHolder done

Classes unloaded (0 events):
No events

Classes redefined (0 events):
No events

Internal exceptions (20 events):
Event: 20.204 Thread 0x00000223c26c6340 Exception <a 'java/lang/NoSuchMethodError'{0x00000000cb7d1cc0}: 'void java.lang.invoke.DirectMethodHandle$Holder.invokeStatic(java.lang.Object, java.lang.Object, java.lang.Object, java.lang.Object)'> (0x00000000cb7d1cc0) 
thrown [s\src\hotspot\share\interpreter\linkResolver.cpp, line 773]
Event: 25.209 Thread 0x00000223c26c6340 Implicit null exception at 0x00000223d44fba3d to 0x00000223d44fbac1
Event: 25.984 Thread 0x00000223c26c6340 Implicit null exception at 0x00000223d468703d to 0x00000223d46870b2
Event: 25.987 Thread 0x00000223c26c6340 Exception <a 'java/lang/NoSuchMethodError'{0x00000000cc5109a0}: 'java.lang.Object java.lang.invoke.DirectMethodHandle$Holder.newInvokeSpecial(java.lang.Object, java.lang.Object, java.lang.Object, java.lang.Object, java.lang.Object, java.lang.Object, java.lang.Object)'> (0x00000000cc5109a0) 
thrown [s\src\hotspot\share\interpreter\linkResolver.cpp, line 773]
Event: 26.649 Thread 0x00000223c26c6340 Exception <a 'java/lang/NoSuchMethodError'{0x00000000cbb27be8}: 'int java.lang.invoke.DirectMethodHandle$Holder.invokeVirtual(java.lang.Object, java.lang.Object)'> (0x00000000cbb27be8) 
thrown [s\src\hotspot\share\interpreter\linkResolver.cpp, line 773]
Event: 26.731 Thread 0x00000223c26c6340 Exception <a 'java/lang/NoSuchMethodError'{0x00000000cba54428}: 'void java.lang.invoke.Invokers$Holder.invokeExact_MT(java.lang.Object, java.lang.Object, int, java.lang.Object)'> (0x00000000cba54428) 
thrown [s\src\hotspot\share\interpreter\linkResolver.cpp, line 773]
Event: 29.128 Thread 0x00000223c26c6340 Exception <a 'java/lang/IncompatibleClassChangeError'{0x00000000cdf25f18}: Found class java.lang.Object, but interface was expected> (0x00000000cdf25f18) 
thrown [s\src\hotspot\share\interpreter\linkResolver.cpp, line 840]
Event: 29.133 Thread 0x00000223c26c6340 Exception <a 'java/lang/NoSuchMethodError'{0x00000000cdf2b0b8}: 'void java.lang.invoke.DirectMethodHandle$Holder.invokeInterface(java.lang.Object, java.lang.Object, java.lang.Object)'> (0x00000000cdf2b0b8) 
thrown [s\src\hotspot\share\interpreter\linkResolver.cpp, line 773]
Event: 29.869 Thread 0x00000223c26c6340 Exception <a 'java/lang/NoSuchMethodError'{0x00000000cdd57138}: 'int java.lang.invoke.DirectMethodHandle$Holder.invokeInterface(java.lang.Object, java.lang.Object)'> (0x00000000cdd57138) 
thrown [s\src\hotspot\share\interpreter\linkResolver.cpp, line 773]
Event: 31.801 Thread 0x00000223c26c6340 Exception <a 'java/lang/NoSuchMethodError'{0x00000000cd41e728}: 'int java.lang.invoke.DirectMethodHandle$Holder.invokeVirtual(java.lang.Object, java.lang.Object, java.lang.Object)'> (0x00000000cd41e728) 
thrown [s\src\hotspot\share\interpreter\linkResolver.cpp, line 773]
Event: 31.843 Thread 0x00000223c26c6340 Exception <a 'java/lang/NoSuchMethodError'{0x00000000cd42b520}: 'int java.lang.invoke.DirectMethodHandle$Holder.invokeStaticInit(java.lang.Object, java.lang.Object, java.lang.Object)'> (0x00000000cd42b520) 
thrown [s\src\hotspot\share\interpreter\linkResolver.cpp, line 773]
Event: 32.301 Thread 0x00000223c26c6340 Exception <a 'java/lang/NoSuchMethodError'{0x00000000ccb13b28}: 'java.lang.Object java.lang.invoke.DirectMethodHandle$Holder.invokeStatic(java.lang.Object, int, java.lang.Object)'> (0x00000000ccb13b28) 
thrown [s\src\hotspot\share\interpreter\linkResolver.cpp, line 773]
Event: 32.398 Thread 0x00000223c26c6340 Exception <a 'sun/nio/fs/WindowsException'{0x00000000ccb8c728}> (0x00000000ccb8c728) 
thrown [s\src\hotspot\share\prims\jni.cpp, line 520]
Event: 33.017 Thread 0x00000223c26c6340 Exception <a 'java/lang/NoSuchMethodError'{0x00000000cc94db68}: 'java.lang.Object java.lang.invoke.DirectMethodHandle$Holder.newInvokeSpecial(java.lang.Object, java.lang.Object, java.lang.Object, java.lang.Object, java.lang.Object, java.lang.Object)'> (0x00000000cc94db68) 
thrown [s\src\hotspot\share\interpreter\linkResolver.cpp, line 773]
Event: 33.069 Thread 0x00000223c26c6340 Exception <a 'sun/nio/fs/WindowsException'{0x00000000cc99a338}> (0x00000000cc99a338) 
thrown [s\src\hotspot\share\prims\jni.cpp, line 520]
Event: 34.372 Thread 0x00000223c26c6340 Exception <a 'sun/nio/fs/WindowsException'{0x00000000cbe8aae8}> (0x00000000cbe8aae8) 
thrown [s\src\hotspot\share\prims\jni.cpp, line 520]
Event: 34.373 Thread 0x00000223c26c6340 Exception <a 'sun/nio/fs/WindowsException'{0x00000000cbe8b578}> (0x00000000cbe8b578) 
thrown [s\src\hotspot\share\prims\jni.cpp, line 520]
Event: 34.374 Thread 0x00000223c26c6340 Exception <a 'sun/nio/fs/WindowsException'{0x00000000cbe8c0b8}> (0x00000000cbe8c0b8) 
thrown [s\src\hotspot\share\prims\jni.cpp, line 520]
Event: 34.421 Thread 0x00000223c26c6340 Exception <a 'java/lang/NoSuchMethodError'{0x00000000cbd18d80}: 'java.lang.Object java.lang.invoke.DirectMethodHandle$Holder.invokeSpecial(java.lang.Object, java.lang.Object, java.lang.Object, int, int)'> (0x00000000cbd18d80) 
thrown [s\src\hotspot\share\interpreter\linkResolver.cpp, line 773]
Event: 34.423 Thread 0x00000223c26c6340 Exception <a 'java/lang/NoSuchMethodError'{0x00000000cbd1f2b0}: 'java.lang.Object java.lang.invoke.DirectMethodHandle$Holder.invokeVirtual(java.lang.Object, java.lang.Object, int)'> (0x00000000cbd1f2b0) 
thrown [s\src\hotspot\share\interpreter\linkResolver.cpp, line 773]

ZGC Phase Switch (0 events):
No events

VM Operations (20 events):
Event: 31.945 Executing VM operation: HandshakeAllThreads (Deoptimize)
Event: 31.945 Executing VM operation: HandshakeAllThreads (Deoptimize) done
Event: 32.328 Executing VM operation: HandshakeAllThreads (Deoptimize)
Event: 32.329 Executing VM operation: HandshakeAllThreads (Deoptimize) done
Event: 32.331 Executing VM operation: HandshakeAllThreads (Deoptimize)
Event: 32.331 Executing VM operation: HandshakeAllThreads (Deoptimize) done
Event: 33.338 Executing VM operation: Cleanup
Event: 33.338 Executing VM operation: Cleanup done
Event: 33.859 Executing VM operation: HandshakeAllThreads (Deoptimize)
Event: 33.859 Executing VM operation: HandshakeAllThreads (Deoptimize) done
Event: 34.032 Executing VM operation: HandshakeAllThreads (Deoptimize)
Event: 34.033 Executing VM operation: HandshakeAllThreads (Deoptimize) done
Event: 34.086 Executing VM operation: HandshakeAllThreads (Deoptimize)
Event: 34.086 Executing VM operation: HandshakeAllThreads (Deoptimize) done
Event: 34.089 Executing VM operation: HandshakeAllThreads (Deoptimize)
Event: 34.089 Executing VM operation: HandshakeAllThreads (Deoptimize) done
Event: 34.093 Executing VM operation: HandshakeAllThreads (Deoptimize)
Event: 34.093 Executing VM operation: HandshakeAllThreads (Deoptimize) done
Event: 34.938 Executing VM operation: G1CollectForAllocation (G1 Evacuation Pause)
Event: 34.979 Executing VM operation: G1CollectForAllocation (G1 Evacuation Pause) done

Memory protections (0 events):
No events

Nmethod flushes (0 events):
No events

Events (14 events):
Event: 0.116 Thread 0x00000223c26c6340 Thread added: 0x00000223c26c6340
Event: 0.239 Thread 0x00000223c26c6340 Thread added: 0x00000223df6d9160
Event: 0.239 Thread 0x00000223c26c6340 Thread added: 0x00000223df6dbd70
Event: 0.246 Thread 0x00000223c26c6340 Thread added: 0x00000223df6dd3f0
Event: 0.247 Thread 0x00000223c26c6340 Thread added: 0x00000223df6dde40
Event: 0.251 Thread 0x00000223c26c6340 Thread added: 0x00000223df6debf0
Event: 0.253 Thread 0x00000223c26c6340 Thread added: 0x00000223df6e7780
Event: 0.254 Thread 0x00000223c26c6340 Thread added: 0x00000223df6ebb30
Event: 0.258 Thread 0x00000223c26c6340 Thread added: 0x00000223df7097d0
Event: 0.375 Thread 0x00000223c26c6340 Thread added: 0x00000223df849be0
Event: 0.410 Thread 0x00000223c26c6340 Thread added: 0x00000223df84d820
Event: 2.381 Thread 0x00000223c26c6340 Thread added: 0x00000223df895190
Event: 16.060 Thread 0x00000223c26c6340 Thread added: 0x00000223e461fdf0
Event: 19.822 Thread 0x00000223df895190 Thread exited: 0x00000223df895190


Dynamic libraries:
0x00007ff61bc20000 - 0x00007ff61bc2e000 	C:\Program Files\Amazon Corretto\jdk21.0.8_9\bin\java.exe
0x00007ffde5f20000 - 0x00007ffde6187000 	C:\WINDOWS\SYSTEM32\ntdll.dll
0x00007ffde4bd0000 - 0x00007ffde4c99000 	C:\WINDOWS\System32\KERNEL32.DLL
0x00007ffde3740000 - 0x00007ffde3b34000 	C:\WINDOWS\System32\KERNELBASE.dll
0x00007ffde31f0000 - 0x00007ffde333b000 	C:\WINDOWS\System32\ucrtbase.dll
0x00007ffdc0850000 - 0x00007ffdc0868000 	C:\Program Files\Amazon Corretto\jdk21.0.8_9\bin\jli.dll
0x00007ffde3ea0000 - 0x00007ffde4065000 	C:\WINDOWS\System32\USER32.dll
0x00007ffde27f0000 - 0x00007ffde2817000 	C:\WINDOWS\System32\win32u.dll
0x00007ffde4900000 - 0x00007ffde492b000 	C:\WINDOWS\System32\GDI32.dll
0x00007ffde3550000 - 0x00007ffde367b000 	C:\WINDOWS\System32\gdi32full.dll
0x00007ffde2820000 - 0x00007ffde28c3000 	C:\WINDOWS\System32\msvcp_win.dll
0x00007ffdc0830000 - 0x00007ffdc084b000 	C:\Program Files\Amazon Corretto\jdk21.0.8_9\bin\VCRUNTIME140.dll
0x00007ffdcdb00000 - 0x00007ffdcdd93000 	C:\WINDOWS\WinSxS\amd64_microsoft.windows.common-controls_6595b64144ccf1df_6.0.26100.8115_none_3e075c82e3354f9c\COMCTL32.dll
0x00007ffde5890000 - 0x00007ffde5939000 	C:\WINDOWS\System32\msvcrt.dll
0x00007ffde54c0000 - 0x00007ffde54f2000 	C:\WINDOWS\System32\IMM32.DLL
0x00007ffdc02f0000 - 0x00007ffdc02fc000 	C:\Program Files\Amazon Corretto\jdk21.0.8_9\bin\vcruntime140_1.dll
0x00007ffdaa560000 - 0x00007ffdaa5ed000 	C:\Program Files\Amazon Corretto\jdk21.0.8_9\bin\msvcp140.dll
0x00007ffd5d5a0000 - 0x00007ffd5e347000 	C:\Program Files\Amazon Corretto\jdk21.0.8_9\bin\server\jvm.dll
0x00007ffde4950000 - 0x00007ffde4a06000 	C:\WINDOWS\System32\ADVAPI32.dll
0x00007ffde4070000 - 0x00007ffde4117000 	C:\WINDOWS\System32\sechost.dll
0x00007ffde4a10000 - 0x00007ffde4b28000 	C:\WINDOWS\System32\RPCRT4.dll
0x00007ffde4b30000 - 0x00007ffde4bb0000 	C:\WINDOWS\System32\WS2_32.dll
0x00007ffde2670000 - 0x00007ffde26ce000 	C:\WINDOWS\SYSTEM32\POWRPROF.dll
0x00007ffddbb00000 - 0x00007ffddbb36000 	C:\WINDOWS\SYSTEM32\WINMM.dll
0x00007ffddbb40000 - 0x00007ffddbb4b000 	C:\WINDOWS\SYSTEM32\VERSION.dll
0x00007ffde2650000 - 0x00007ffde2664000 	C:\WINDOWS\SYSTEM32\UMPDC.dll
0x00007ffde1580000 - 0x00007ffde159b000 	C:\WINDOWS\SYSTEM32\kernel.appcore.dll
0x00007ffdbe770000 - 0x00007ffdbe77a000 	C:\Program Files\Amazon Corretto\jdk21.0.8_9\bin\jimage.dll
0x00007ffdd6ea0000 - 0x00007ffdd70e2000 	C:\WINDOWS\SYSTEM32\DBGHELP.DLL
0x00007ffde5500000 - 0x00007ffde5882000 	C:\WINDOWS\System32\combase.dll
0x00007ffde3dc0000 - 0x00007ffde3e98000 	C:\WINDOWS\System32\OLEAUT32.dll
0x00007ffdc7a00000 - 0x00007ffdc7a3b000 	C:\WINDOWS\SYSTEM32\dbgcore.DLL
0x00007ffde3140000 - 0x00007ffde31e5000 	C:\WINDOWS\System32\bcryptPrimitives.dll
0x00007ffdb8b50000 - 0x00007ffdb8b6f000 	C:\Program Files\Amazon Corretto\jdk21.0.8_9\bin\java.dll
0x00007ffde4190000 - 0x00007ffde48f7000 	C:\WINDOWS\System32\SHELL32.dll
0x00007ffde3b40000 - 0x00007ffde3caa000 	C:\WINDOWS\System32\wintypes.dll
0x00007ffde28d0000 - 0x00007ffde3138000 	C:\WINDOWS\System32\windows.storage.dll
0x00007ffde51d0000 - 0x00007ffde52c8000 	C:\WINDOWS\System32\SHCORE.dll
0x00007ffde4120000 - 0x00007ffde4186000 	C:\WINDOWS\System32\shlwapi.dll
0x00007ffde2710000 - 0x00007ffde2739000 	C:\WINDOWS\SYSTEM32\profapi.dll
0x00007ffd953a0000 - 0x00007ffd95477000 	C:\Program Files\Amazon Corretto\jdk21.0.8_9\bin\jsvml.dll
0x00007ffdb9db0000 - 0x00007ffdb9dc0000 	C:\Program Files\Amazon Corretto\jdk21.0.8_9\bin\net.dll
0x00007ffdd9460000 - 0x00007ffdd958d000 	C:\WINDOWS\SYSTEM32\WINHTTP.dll
0x00007ffde1af0000 - 0x00007ffde1b5c000 	C:\WINDOWS\system32\mswsock.dll
0x00007ffdb6760000 - 0x00007ffdb6776000 	C:\Program Files\Amazon Corretto\jdk21.0.8_9\bin\nio.dll
0x00007ffdb4dc0000 - 0x00007ffdb4dd8000 	C:\Program Files\Amazon Corretto\jdk21.0.8_9\bin\zip.dll
0x00007ffdb3890000 - 0x00007ffdb38b4000 	C:\Users\USER\.m2\wrapper\dists\apache-maven-3.9.12\59fe215c0ad6947fea90184bf7add084544567b927287592651fda3782e0e798\lib\jansi-native\Windows\x86_64\jansi.dll
0x00007ffdb4db0000 - 0x00007ffdb4dc0000 	C:\Program Files\Amazon Corretto\jdk21.0.8_9\bin\verify.dll
0x00007ffde16a0000 - 0x00007ffde16d6000 	C:\WINDOWS\SYSTEM32\ntmarta.dll

JVMTI agents: none

dbghelp: loaded successfully - version: 4.0.5 - missing functions: none
symbol engine: initialized successfully - sym options: 0x614 - pdb path: .;C:\Program Files\Amazon Corretto\jdk21.0.8_9\bin;C:\WINDOWS\SYSTEM32;C:\WINDOWS\WinSxS\amd64_microsoft.windows.common-controls_6595b64144ccf1df_6.0.26100.8115_none_3e075c82e3354f9c;C:\Program Files\Amazon Corretto\jdk21.0.8_9\bin\server;C:\Users\USER\.m2\wrapper\dists\apache-maven-3.9.12\59fe215c0ad6947fea90184bf7add084544567b927287592651fda3782e0e798\lib\jansi-native\Windows\x86_64

VM Arguments:
jvm_args: --enable-native-access=ALL-UNNAMED -Dclassworlds.conf=C:\Users\USER\.m2\wrapper\dists\apache-maven-3.9.12\59fe215c0ad6947fea90184bf7add084544567b927287592651fda3782e0e798\bin\m2.conf -Dmaven.home=C:\Users\USER\.m2\wrapper\dists\apache-maven-3.9.12\59fe215c0ad6947fea90184bf7add084544567b927287592651fda3782e0e798 -Dlibrary.jansi.path=C:\Users\USER\.m2\wrapper\dists\apache-maven-3.9.12\59fe215c0ad6947fea90184bf7add084544567b927287592651fda3782e0e798\lib\jansi-native -Dmaven.multiModuleProjectDirectory=C:\Users\USER\ExpenseTracker 
java_command: org.codehaus.plexus.classworlds.launcher.Launcher spring-boot:run
java_class_path (initial): C:\Users\USER\.m2\wrapper\dists\apache-maven-3.9.12\59fe215c0ad6947fea90184bf7add084544567b927287592651fda3782e0e798\boot\plexus-classworlds-2.9.0.jar
Launcher Type: SUN_STANDARD

[Global flags]
     intx CICompilerCount                          = 3                                         {product} {ergonomic}
     uint ConcGCThreads                            = 1                                         {product} {ergonomic}
     uint G1ConcRefinementThreads                  = 4                                         {product} {ergonomic}
   size_t G1HeapRegionSize                         = 1048576                                   {product} {ergonomic}
    uintx GCDrainStackTargetSize                   = 64                                        {product} {ergonomic}
   size_t InitialHeapSize                          = 58720256                                  {product} {ergonomic}
   size_t MarkStackSize                            = 4194304                                   {product} {ergonomic}
   size_t MaxHeapSize                              = 924844032                                 {product} {ergonomic}
   size_t MaxNewSize                               = 554696704                                 {product} {ergonomic}
   size_t MinHeapDeltaBytes                        = 1048576                                   {product} {ergonomic}
   size_t MinHeapSize                              = 8388608                                   {product} {ergonomic}
    uintx NonNMethodCodeHeapSize                   = 5832780                                {pd product} {ergonomic}
    uintx NonProfiledCodeHeapSize                  = 122912730                              {pd product} {ergonomic}
    uintx ProfiledCodeHeapSize                     = 122912730                              {pd product} {ergonomic}
    uintx ReservedCodeCacheSize                    = 251658240                              {pd product} {ergonomic}
     bool SegmentedCodeCache                       = true                                      {product} {ergonomic}
   size_t SoftMaxHeapSize                          = 924844032                              {manageable} {ergonomic}
     bool UseCompressedOops                        = true                           {product lp64_product} {ergonomic}
     bool UseG1GC                                  = true                                      {product} {ergonomic}
     bool UseLargePagesIndividualAllocation        = false                                  {pd product} {ergonomic}

Logging:
Log output configuration:
 #0: stdout all=warning uptime,level,tags foldmultilines=false
 #1: stderr all=off uptime,level,tags foldmultilines=false

Environment Variables:
JAVA_HOME=C:\Program Files\Amazon Corretto\jdk21.0.8_9
PATH=C:\Python314\Scripts\;C:\Python314\;C:\apache-maven-3.9.11\bin;C:\WINDOWS\system32;C:\WINDOWS;C:\WINDOWS\System32\Wbem;C:\WINDOWS\System32\WindowsPowerShell\v1.0\;C:\WINDOWS\System32\OpenSSH\;C:\Program Files (x86)\Microsoft SQL Server\160\Tools\Binn\;C:\Program Files\Microsoft SQL Server\160\Tools\Binn\;C:\Program Files\Microsoft SQL Server\Client SDK\ODBC\170\Tools\Binn\;C:\Program Files\Microsoft SQL Server\160\DTS\Binn\;C:\ProgramData\chocolatey\bin;C:\Program Files\Git\cmd;C:\Program Files\Microsoft VS Code\bin;C:\Program Files\nodejs\;C:\Program Files\nodejs;C:\Python314;C:\Python314\Scripts;C:\Program Files\MongoDB\Server\8.2\bin;;C:\Program Files\Docker\Docker\resources\bin;C:\Users\USER\AppData\Local\Microsoft\WindowsApps;C:\Users\USER\AppData\Roaming\npm
USERNAME=USER
OS=Windows_NT
PROCESSOR_IDENTIFIER=AMD64 Family 23 Model 24 Stepping 1, AuthenticAMD
TMP=C:\Users\USER\AppData\Local\Temp
TEMP=C:\Users\USER\AppData\Local\Temp




Periodic native trim disabled

---------------  S Y S T E M  ---------------

OS:
 Windows 11 , 64 bit Build 26100 (10.0.26100.8246)
OS uptime: 0 days 5:30 hours
Hyper-V role detected

CPU: total 4 (initial active 4) (4 cores per cpu, 2 threads per core) family 23 model 24 stepping 1 microcode 0x8108109, cx8, cmov, fxsr, ht, mmx, 3dnowpref, sse, sse2, sse3, ssse3, sse4a, sse4.1, sse4.2, popcnt, lzcnt, tsc, tscinvbit, avx, avx2, aes, clmul, bmi1, bmi2, adx, sha, fma, vzeroupper, clflush, clflushopt, hv, rdtscp, f16c
Processor Information for the first 4 processors :
  Max Mhz: 2400, Current Mhz: 1400, Mhz Limit: 2400

Memory: 4k page, system-wide physical 3526M (270M free)
TotalPageFile size 14278M (AvailPageFile size 12M)
current process WorkingSet (physical memory assigned to process): 200M, peak: 202M
current process commit charge ("private bytes"): 242M, peak: 246M

vm_info: OpenJDK 64-Bit Server VM (21.0.8+9-LTS) for windows-amd64 JRE (21.0.8+9-LTS), built on 2025-07-09T19:22:31Z by "Administrator" with MS VC++ 16.10 / 16.11 (VS2019)

END.
